Loading python/3.7.11-base
  ERROR: Module cannot be loaded due to a conflict.
    HINT: Might try "module unload python" first.
Loading openmpi/3.1.6-gcc11
  ERROR: Module cannot be loaded due to a conflict.
    HINT: Might try "module unload openmpi" first.
[i04r11c04s11:2323587] OPAL ERROR: Unreachable in file pmix3x_client.c at line 112
[i04r11c04s11:2323591] OPAL ERROR: Unreachable in file pmix3x_client.c at line 112
[i04r11c04s11:2323583] OPAL ERROR: Unreachable in file pmix3x_client.c at line 112
[i04r11c04s11:2323585] OPAL ERROR: Unreachable in file pmix3x_client.c at line 112
*** An error occurred in MPI_Init_thread
*** on a NULL communicator
*** MPI_ERRORS_ARE_FATAL (processes in this communicator will now abort,
***    and potentially your MPI job)
*** An error occurred in MPI_Init_thread
*** on a NULL communicator
*** MPI_ERRORS_ARE_FATAL (processes in this communicator will now abort,
***    and potentially your MPI job)
[i04r11c04s11:2323583] Local abort before MPI_INIT completed completed successfully, but am not able to aggregate error messages, and not able to guarantee that all other processes were killed!
*** An error occurred in MPI_Init_thread
*** on a NULL communicator
*** MPI_ERRORS_ARE_FATAL (processes in this communicator will now abort,
***    and potentially your MPI job)
[i04r11c04s11:2323587] Local abort before MPI_INIT completed completed successfully, but am not able to aggregate error messages, and not able to guarantee that all other processes were killed!
*** An error occurred in MPI_Init_thread
*** on a NULL communicator
*** MPI_ERRORS_ARE_FATAL (processes in this communicator will now abort,
***    and potentially your MPI job)
[i04r11c04s11:2323585] Local abort before MPI_INIT completed completed successfully, but am not able to aggregate error messages, and not able to guarantee that all other processes were killed!
[i04r11c04s11:2323591] Local abort before MPI_INIT completed completed successfully, but am not able to aggregate error messages, and not able to guarantee that all other processes were killed!
--------------------------------------------------------------------------
Primary job  terminated normally, but 1 process returned
a non-zero exit code. Per user-direction, the job has been aborted.
--------------------------------------------------------------------------
[i04r11c05s03:2707747] OPAL ERROR: Unreachable in file pmix3x_client.c at line 112
[i04r11c05s03:2707751] OPAL ERROR: Unreachable in file pmix3x_client.c at line 112
[i04r11c05s03:2707755] OPAL ERROR: Unreachable in file pmix3x_client.c at line 112
[i04r11c05s03:2707745] OPAL ERROR: Unreachable in file pmix3x_client.c at line 112
*** An error occurred in MPI_Init_thread
*** on a NULL communicator
*** MPI_ERRORS_ARE_FATAL (processes in this communicator will now abort,
***    and potentially your MPI job)
[i04r11c05s03:2707745] Local abort before MPI_INIT completed completed successfully, but am not able to aggregate error messages, and not able to guarantee that all other processes were killed!
*** An error occurred in MPI_Init_thread
*** on a NULL communicator
*** MPI_ERRORS_ARE_FATAL (processes in this communicator will now abort,
***    and potentially your MPI job)
[i04r11c05s03:2707755] Local abort before MPI_INIT completed completed successfully, but am not able to aggregate error messages, and not able to guarantee that all other processes were killed!
*** An error occurred in MPI_Init_thread
*** on a NULL communicator
*** MPI_ERRORS_ARE_FATAL (processes in this communicator will now abort,
***    and potentially your MPI job)
[i04r11c05s03:2707747] Local abort before MPI_INIT completed completed successfully, but am not able to aggregate error messages, and not able to guarantee that all other processes were killed!
*** An error occurred in MPI_Init_thread
*** on a NULL communicator
*** MPI_ERRORS_ARE_FATAL (processes in this communicator will now abort,
***    and potentially your MPI job)
[i04r11c05s03:2707751] Local abort before MPI_INIT completed completed successfully, but am not able to aggregate error messages, and not able to guarantee that all other processes were killed!
--------------------------------------------------------------------------
mpiexec detected that one or more processes exited with non-zero status, thus causing
the job to be terminated. The first process to do so was:

  Process name: [[9604,1],101]
  Exit code:    1
--------------------------------------------------------------------------
