Unloading intel-oneapi-compilers/2021.4.0
  Unloading dependent: intel-mpi/2019-intel
Loading python/3.7.11-base
  ERROR: Module cannot be loaded due to a conflict.
    HINT: Might try "module unload python" first.
xxmr2d:out of memory
xxmr2d:out of memory
xxmr2d:out of memory
xxmr2d:out of memory
xxmr2d:out of memory
xxmr2d:out of memory
xxmr2d:out of memory
xxmr2d:out of memory
xxmr2d:out of memory
xxmr2d:out of memory
xxmr2d:out of memory
xxmr2d:out of memory
xxmr2d:out of memory
xxmr2d:out of memory
xxmr2d:out of memory
xxmr2d:out of memory
xxmr2d:out of memory
xxmr2d:out of memory
xxmr2d:out of memory
xxmr2d:out of memory
xxmr2d:out of memory
xxmr2d:out of memory
xxmr2d:out of memory
xxmr2d:out of memory
--------------------------------------------------------------------------
Primary job  terminated normally, but 1 process returned
a non-zero exit code. Per user-direction, the job has been aborted.
--------------------------------------------------------------------------
--------------------------------------------------------------------------
mpiexec detected that one or more processes exited with non-zero status, thus causing
the job to be terminated. The first process to do so was:

  Process name: [[43094,1],0]
  Exit code:    2
--------------------------------------------------------------------------
