Unloading intel-oneapi-compilers/2021.4.0
  Unloading dependent: intel-mpi/2019-intel
INFO: For the correct use of python with EAR, it is necessary to export the following environment variable:
      export SLURM_EAR_LOAD_MPI_VERSION="intel"    #for Intel MPI
      export SLURM_EAR_LOAD_MPI_VERSION="open mpi" #for Open MPI
xxmr2d:out of memory
xxmr2d:out of memory
xxmr2d:out of memory
xxmr2d:out of memory
xxmr2d:out of memory
xxmr2d:out of memory
xxmr2d:out of memory
xxmr2d:out of memory
--------------------------------------------------------------------------
Primary job  terminated normally, but 1 process returned
a non-zero exit code. Per user-direction, the job has been aborted.
--------------------------------------------------------------------------
--------------------------------------------------------------------------
mpiexec detected that one or more processes exited with non-zero status, thus causing
the job to be terminated. The first process to do so was:

  Process name: [[17821,1],2]
  Exit code:    2
--------------------------------------------------------------------------
